2026-02-13 11:12:47,293 - Log4JLogChute initialized using file 'velocity.log'
2026-02-13 11:12:47,293 - Initializing Velocity, Calling init()...
2026-02-13 11:12:47,293 - Starting Apache Velocity v1.7 (compiled: 2010-11-19 12:14:37)
2026-02-13 11:12:47,294 - Default Properties File: org/apache/velocity/runtime/defaults/velocity.properties
2026-02-13 11:12:47,294 - Trying to use logger class org.apache.velocity.runtime.log.AvalonLogChute
2026-02-13 11:12:47,294 - Target log system for org.apache.velocity.runtime.log.AvalonLogChute is not available (java.lang.NoClassDefFoundError: org/apache/log/format/Formatter).  Falling back to next log system...
2026-02-13 11:12:47,294 - Trying to use logger class org.apache.velocity.runtime.log.Log4JLogChute
2026-02-13 11:12:47,294 - Using logger class org.apache.velocity.runtime.log.Log4JLogChute
2026-02-13 11:12:47,297 - ResourceLoader instantiated: org.apache.velocity.runtime.resource.loader.FileResourceLoader
2026-02-13 11:12:47,298 - Do unicode file recognition:  false
2026-02-13 11:12:47,298 - FileResourceLoader : adding path '.'
2026-02-13 11:12:47,306 - ResourceCache: initialized (class org.apache.velocity.runtime.resource.ResourceCacheImpl) with class java.util.Collections$SynchronizedMap cache map.
2026-02-13 11:12:47,307 - Loaded System Directive: org.apache.velocity.runtime.directive.Stop
2026-02-13 11:12:47,308 - Loaded System Directive: org.apache.velocity.runtime.directive.Define
2026-02-13 11:12:47,309 - Loaded System Directive: org.apache.velocity.runtime.directive.Break
2026-02-13 11:12:47,309 - Loaded System Directive: org.apache.velocity.runtime.directive.Evaluate
2026-02-13 11:12:47,309 - Loaded System Directive: org.apache.velocity.runtime.directive.Literal
2026-02-13 11:12:47,310 - Loaded System Directive: org.apache.velocity.runtime.directive.Macro
2026-02-13 11:12:47,311 - Loaded System Directive: org.apache.velocity.runtime.directive.Parse
2026-02-13 11:12:47,312 - Loaded System Directive: org.apache.velocity.runtime.directive.Include
2026-02-13 11:12:47,312 - Loaded System Directive: org.apache.velocity.runtime.directive.Foreach
2026-02-13 11:12:47,334 - Created '20' parsers.
2026-02-13 11:12:47,338 - Velocimacro : "velocimacro.library" is not set.  Trying default library: VM_global_library.vm
2026-02-13 11:12:47,338 - Velocimacro : Default library not found.
2026-02-13 11:12:47,338 - Velocimacro : allowInline = true : VMs can be defined inline in templates
2026-02-13 11:12:47,338 - Velocimacro : allowInlineToOverride = false : VMs defined inline may NOT replace previous VM definitions
2026-02-13 11:12:47,338 - Velocimacro : allowInlineLocal = false : VMs defined inline will be global in scope if allowed.
2026-02-13 11:12:47,338 - Velocimacro : autoload off : VM system will not automatically reload global library macros
2026-02-13 11:12:47,344 - Null reference [template 'HTMLTemplate', line 1, column 18] : $demandId cannot be resolved.
2026-02-13 11:12:47,345 - Null reference [template 'HTMLTemplate', line 1, column 34] : $mdoName cannot be resolved.
2026-02-13 11:35:14,265 - Log4JLogChute initialized using file 'velocity.log'
2026-02-13 11:35:14,265 - Initializing Velocity, Calling init()...
2026-02-13 11:35:14,266 - Starting Apache Velocity v1.7 (compiled: 2010-11-19 12:14:37)
2026-02-13 11:35:14,266 - Default Properties File: org/apache/velocity/runtime/defaults/velocity.properties
2026-02-13 11:35:14,269 - Trying to use logger class org.apache.velocity.runtime.log.AvalonLogChute
2026-02-13 11:35:14,269 - Target log system for org.apache.velocity.runtime.log.AvalonLogChute is not available (java.lang.NoClassDefFoundError: org/apache/log/format/Formatter).  Falling back to next log system...
2026-02-13 11:35:14,269 - Trying to use logger class org.apache.velocity.runtime.log.Log4JLogChute
2026-02-13 11:35:14,269 - Using logger class org.apache.velocity.runtime.log.Log4JLogChute
2026-02-13 11:35:14,273 - ResourceLoader instantiated: org.apache.velocity.runtime.resource.loader.FileResourceLoader
2026-02-13 11:35:14,273 - Do unicode file recognition:  false
2026-02-13 11:35:14,273 - FileResourceLoader : adding path '.'
2026-02-13 11:35:14,282 - ResourceCache: initialized (class org.apache.velocity.runtime.resource.ResourceCacheImpl) with class java.util.Collections$SynchronizedMap cache map.
2026-02-13 11:35:14,283 - Loaded System Directive: org.apache.velocity.runtime.directive.Stop
2026-02-13 11:35:14,284 - Loaded System Directive: org.apache.velocity.runtime.directive.Define
2026-02-13 11:35:14,284 - Loaded System Directive: org.apache.velocity.runtime.directive.Break
2026-02-13 11:35:14,285 - Loaded System Directive: org.apache.velocity.runtime.directive.Evaluate
2026-02-13 11:35:14,285 - Loaded System Directive: org.apache.velocity.runtime.directive.Literal
2026-02-13 11:35:14,286 - Loaded System Directive: org.apache.velocity.runtime.directive.Macro
2026-02-13 11:35:14,289 - Loaded System Directive: org.apache.velocity.runtime.directive.Parse
2026-02-13 11:35:14,289 - Loaded System Directive: org.apache.velocity.runtime.directive.Include
2026-02-13 11:35:14,290 - Loaded System Directive: org.apache.velocity.runtime.directive.Foreach
2026-02-13 11:35:14,312 - Created '20' parsers.
2026-02-13 11:35:14,315 - Velocimacro : "velocimacro.library" is not set.  Trying default library: VM_global_library.vm
2026-02-13 11:35:14,315 - Velocimacro : Default library not found.
2026-02-13 11:35:14,315 - Velocimacro : allowInline = true : VMs can be defined inline in templates
2026-02-13 11:35:14,316 - Velocimacro : allowInlineToOverride = false : VMs defined inline may NOT replace previous VM definitions
2026-02-13 11:35:14,316 - Velocimacro : allowInlineLocal = false : VMs defined inline will be global in scope if allowed.
2026-02-13 11:35:14,316 - Velocimacro : autoload off : VM system will not automatically reload global library macros
2026-02-13 11:35:14,322 - Null reference [template 'HTMLTemplate', line 1, column 18] : $demandId cannot be resolved.
2026-02-13 11:35:14,322 - Null reference [template 'HTMLTemplate', line 1, column 34] : $mdoName cannot be resolved.
2026-02-13 11:36:26,203 - Log4JLogChute initialized using file 'velocity.log'
2026-02-13 11:36:26,203 - Initializing Velocity, Calling init()...
2026-02-13 11:36:26,203 - Starting Apache Velocity v1.7 (compiled: 2010-11-19 12:14:37)
2026-02-13 11:36:26,203 - Default Properties File: org/apache/velocity/runtime/defaults/velocity.properties
2026-02-13 11:36:26,203 - Trying to use logger class org.apache.velocity.runtime.log.AvalonLogChute
2026-02-13 11:36:26,203 - Target log system for org.apache.velocity.runtime.log.AvalonLogChute is not available (java.lang.NoClassDefFoundError: org/apache/log/format/Formatter).  Falling back to next log system...
2026-02-13 11:36:26,203 - Trying to use logger class org.apache.velocity.runtime.log.Log4JLogChute
2026-02-13 11:36:26,203 - Using logger class org.apache.velocity.runtime.log.Log4JLogChute
2026-02-13 11:36:26,206 - ResourceLoader instantiated: org.apache.velocity.runtime.resource.loader.FileResourceLoader
2026-02-13 11:36:26,207 - Do unicode file recognition:  false
2026-02-13 11:36:26,207 - FileResourceLoader : adding path '.'
2026-02-13 11:36:26,214 - ResourceCache: initialized (class org.apache.velocity.runtime.resource.ResourceCacheImpl) with class java.util.Collections$SynchronizedMap cache map.
2026-02-13 11:36:26,216 - Loaded System Directive: org.apache.velocity.runtime.directive.Stop
2026-02-13 11:36:26,216 - Loaded System Directive: org.apache.velocity.runtime.directive.Define
2026-02-13 11:36:26,217 - Loaded System Directive: org.apache.velocity.runtime.directive.Break
2026-02-13 11:36:26,217 - Loaded System Directive: org.apache.velocity.runtime.directive.Evaluate
2026-02-13 11:36:26,218 - Loaded System Directive: org.apache.velocity.runtime.directive.Literal
2026-02-13 11:36:26,218 - Loaded System Directive: org.apache.velocity.runtime.directive.Macro
2026-02-13 11:36:26,219 - Loaded System Directive: org.apache.velocity.runtime.directive.Parse
2026-02-13 11:36:26,220 - Loaded System Directive: org.apache.velocity.runtime.directive.Include
2026-02-13 11:36:26,220 - Loaded System Directive: org.apache.velocity.runtime.directive.Foreach
2026-02-13 11:36:26,243 - Created '20' parsers.
2026-02-13 11:36:26,247 - Velocimacro : "velocimacro.library" is not set.  Trying default library: VM_global_library.vm
2026-02-13 11:36:26,248 - Velocimacro : Default library not found.
2026-02-13 11:36:26,248 - Velocimacro : allowInline = true : VMs can be defined inline in templates
2026-02-13 11:36:26,248 - Velocimacro : allowInlineToOverride = false : VMs defined inline may NOT replace previous VM definitions
2026-02-13 11:36:26,248 - Velocimacro : allowInlineLocal = false : VMs defined inline will be global in scope if allowed.
2026-02-13 11:36:26,248 - Velocimacro : autoload off : VM system will not automatically reload global library macros
2026-02-13 11:36:26,254 - Null reference [template 'HTMLTemplate', line 1, column 18] : $demandId cannot be resolved.
2026-02-13 11:36:26,254 - Null reference [template 'HTMLTemplate', line 1, column 34] : $mdoName cannot be resolved.
2026-02-13 11:38:36,939 - Log4JLogChute initialized using file 'velocity.log'
2026-02-13 11:38:36,946 - Initializing Velocity, Calling init()...
2026-02-13 11:38:36,946 - Starting Apache Velocity v1.7 (compiled: 2010-11-19 12:14:37)
2026-02-13 11:38:36,947 - Default Properties File: org/apache/velocity/runtime/defaults/velocity.properties
2026-02-13 11:38:36,947 - Trying to use logger class org.apache.velocity.runtime.log.AvalonLogChute
2026-02-13 11:38:36,947 - Target log system for org.apache.velocity.runtime.log.AvalonLogChute is not available (java.lang.NoClassDefFoundError: org/apache/log/format/Formatter).  Falling back to next log system...
2026-02-13 11:38:36,947 - Trying to use logger class org.apache.velocity.runtime.log.Log4JLogChute
2026-02-13 11:38:36,947 - Using logger class org.apache.velocity.runtime.log.Log4JLogChute
2026-02-13 11:38:36,950 - ResourceLoader instantiated: org.apache.velocity.runtime.resource.loader.FileResourceLoader
2026-02-13 11:38:36,950 - Do unicode file recognition:  false
2026-02-13 11:38:36,950 - FileResourceLoader : adding path '.'
2026-02-13 11:38:36,958 - ResourceCache: initialized (class org.apache.velocity.runtime.resource.ResourceCacheImpl) with class java.util.Collections$SynchronizedMap cache map.
2026-02-13 11:38:36,962 - Loaded System Directive: org.apache.velocity.runtime.directive.Stop
2026-02-13 11:38:36,963 - Loaded System Directive: org.apache.velocity.runtime.directive.Define
2026-02-13 11:38:36,963 - Loaded System Directive: org.apache.velocity.runtime.directive.Break
2026-02-13 11:38:36,963 - Loaded System Directive: org.apache.velocity.runtime.directive.Evaluate
2026-02-13 11:38:36,964 - Loaded System Directive: org.apache.velocity.runtime.directive.Literal
2026-02-13 11:38:36,968 - Loaded System Directive: org.apache.velocity.runtime.directive.Macro
2026-02-13 11:38:36,968 - Loaded System Directive: org.apache.velocity.runtime.directive.Parse
2026-02-13 11:38:36,969 - Loaded System Directive: org.apache.velocity.runtime.directive.Include
2026-02-13 11:38:36,970 - Loaded System Directive: org.apache.velocity.runtime.directive.Foreach
2026-02-13 11:38:36,995 - Created '20' parsers.
2026-02-13 11:38:36,998 - Velocimacro : "velocimacro.library" is not set.  Trying default library: VM_global_library.vm
2026-02-13 11:38:36,998 - Velocimacro : Default library not found.
2026-02-13 11:38:36,998 - Velocimacro : allowInline = true : VMs can be defined inline in templates
2026-02-13 11:38:36,998 - Velocimacro : allowInlineToOverride = false : VMs defined inline may NOT replace previous VM definitions
2026-02-13 11:38:36,998 - Velocimacro : allowInlineLocal = false : VMs defined inline will be global in scope if allowed.
2026-02-13 11:38:36,998 - Velocimacro : autoload off : VM system will not automatically reload global library macros
2026-02-13 11:38:37,005 - Null reference [template 'HTMLTemplate', line 1, column 18] : $demandId cannot be resolved.
2026-02-13 11:38:37,005 - Null reference [template 'HTMLTemplate', line 1, column 34] : $mdoName cannot be resolved.
2026-02-13 11:39:52,912 - Log4JLogChute initialized using file 'velocity.log'
2026-02-13 11:39:52,913 - Initializing Velocity, Calling init()...
2026-02-13 11:39:52,913 - Starting Apache Velocity v1.7 (compiled: 2010-11-19 12:14:37)
2026-02-13 11:39:52,913 - Default Properties File: org/apache/velocity/runtime/defaults/velocity.properties
2026-02-13 11:39:52,913 - Trying to use logger class org.apache.velocity.runtime.log.AvalonLogChute
2026-02-13 11:39:52,913 - Target log system for org.apache.velocity.runtime.log.AvalonLogChute is not available (java.lang.NoClassDefFoundError: org/apache/log/format/Formatter).  Falling back to next log system...
2026-02-13 11:39:52,913 - Trying to use logger class org.apache.velocity.runtime.log.Log4JLogChute
2026-02-13 11:39:52,913 - Using logger class org.apache.velocity.runtime.log.Log4JLogChute
2026-02-13 11:39:52,917 - ResourceLoader instantiated: org.apache.velocity.runtime.resource.loader.FileResourceLoader
2026-02-13 11:39:52,918 - Do unicode file recognition:  false
2026-02-13 11:39:52,918 - FileResourceLoader : adding path '.'
2026-02-13 11:39:52,926 - ResourceCache: initialized (class org.apache.velocity.runtime.resource.ResourceCacheImpl) with class java.util.Collections$SynchronizedMap cache map.
2026-02-13 11:39:52,931 - Loaded System Directive: org.apache.velocity.runtime.directive.Stop
2026-02-13 11:39:52,932 - Loaded System Directive: org.apache.velocity.runtime.directive.Define
2026-02-13 11:39:52,935 - Loaded System Directive: org.apache.velocity.runtime.directive.Break
2026-02-13 11:39:52,935 - Loaded System Directive: org.apache.velocity.runtime.directive.Evaluate
2026-02-13 11:39:52,936 - Loaded System Directive: org.apache.velocity.runtime.directive.Literal
2026-02-13 11:39:52,937 - Loaded System Directive: org.apache.velocity.runtime.directive.Macro
2026-02-13 11:39:52,937 - Loaded System Directive: org.apache.velocity.runtime.directive.Parse
2026-02-13 11:39:52,939 - Loaded System Directive: org.apache.velocity.runtime.directive.Include
2026-02-13 11:39:52,940 - Loaded System Directive: org.apache.velocity.runtime.directive.Foreach
2026-02-13 11:39:52,964 - Created '20' parsers.
2026-02-13 11:39:52,967 - Velocimacro : "velocimacro.library" is not set.  Trying default library: VM_global_library.vm
2026-02-13 11:39:52,968 - Velocimacro : Default library not found.
2026-02-13 11:39:52,968 - Velocimacro : allowInline = true : VMs can be defined inline in templates
2026-02-13 11:39:52,968 - Velocimacro : allowInlineToOverride = false : VMs defined inline may NOT replace previous VM definitions
2026-02-13 11:39:52,968 - Velocimacro : allowInlineLocal = false : VMs defined inline will be global in scope if allowed.
2026-02-13 11:39:52,968 - Velocimacro : autoload off : VM system will not automatically reload global library macros
2026-02-13 11:39:52,974 - Null reference [template 'HTMLTemplate', line 1, column 18] : $demandId cannot be resolved.
2026-02-13 11:39:52,974 - Null reference [template 'HTMLTemplate', line 1, column 34] : $mdoName cannot be resolved.
